{"target":"phase09-candidate","route":"/","device":"desktop","condition":"fresh","rep":1,"lcp":292,"cls":0.000009769643775720166,"longTaskExcessMs":0,"transferBytes":1500658,"errors":0,"failed":0}
{"target":"phase09-candidate","route":"/","device":"desktop","condition":"warm","rep":1,"lcp":148,"cls":0.000009769643775720166,"longTaskExcessMs":0,"transferBytes":0,"errors":0,"failed":0}
{"target":"phase09-candidate","route":"/work/","device":"desktop","condition":"fresh","rep":1,"lcp":156,"cls":0.000009769643775720166,"longTaskExcessMs":0,"transferBytes":1344783,"errors":0,"failed":0}
{"target":"phase09-candidate","route":"/work/","device":"desktop","condition":"warm","rep":1,"lcp":152,"cls":0.000009769643775720166,"longTaskExcessMs":0,"transferBytes":0,"errors":0,"failed":0}
{"target":"phase09-candidate","route":"/work/flagstone/","device":"desktop","condition":"fresh","rep":1,"lcp":196,"cls":0.0012997089317960176,"longTaskExcessMs":0,"transferBytes":1267899,"errors":0,"failed":0}
{"target":"phase09-candidate","route":"/work/flagstone/","device":"desktop","condition":"warm","rep":1,"lcp":132,"cls":0.0012997089317960176,"longTaskExcessMs":0,"transferBytes":0,"errors":0,"failed":0}
{"target":"phase09-candidate","route":"/about/","device":"desktop","condition":"fresh","rep":1,"lcp":120,"cls":0.000009769643775720166,"longTaskExcessMs":0,"transferBytes":1112397,"errors":0,"failed":0}
{"target":"phase09-candidate","route":"/about/","device":"desktop","condition":"warm","rep":1,"lcp":116,"cls":0.000009769643775720166,"longTaskExcessMs":0,"transferBytes":0,"errors":0,"failed":0}
{"target":"phase09-candidate","route":"/contact/","device":"desktop","condition":"fresh","rep":1,"lcp":100,"cls":0.000009769643775720166,"longTaskExcessMs":0,"transferBytes":1112799,"errors":0,"failed":0}
{"target":"phase09-candidate","route":"/contact/","device":"desktop","condition":"warm","rep":1,"lcp":112,"cls":0.000009769643775720166,"longTaskExcessMs":0,"transferBytes":0,"errors":0,"failed":0}
{"target":"phase09-candidate","route":"/","device":"mobile","condition":"fresh","rep":1,"lcp":6504,"cls":0,"longTaskExcessMs":26,"transferBytes":1417886,"errors":0,"failed":0}
{"target":"phase09-candidate","route":"/","device":"mobile","condition":"warm","rep":1,"lcp":324,"cls":0,"longTaskExcessMs":0,"transferBytes":0,"errors":0,"failed":0}
{"target":"phase09-candidate","route":"/work/","device":"mobile","condition":"fresh","rep":1,"lcp":6240,"cls":0,"longTaskExcessMs":27,"transferBytes":1036135,"errors":0,"failed":0}
{"target":"phase09-candidate","route":"/work/","device":"mobile","condition":"warm","rep":1,"lcp":504,"cls":0,"longTaskExcessMs":0,"transferBytes":0,"errors":0,"failed":0}
{"target":"phase09-candidate","route":"/work/flagstone/","device":"mobile","condition":"fresh","rep":1,"lcp":2604,"cls":0,"longTaskExcessMs":30,"transferBytes":1008608,"errors":0,"failed":0}
{"target":"phase09-candidate","route":"/work/flagstone/","device":"mobile","condition":"warm","rep":1,"lcp":268,"cls":0,"longTaskExcessMs":0,"transferBytes":0,"errors":0,"failed":0}
{"target":"phase09-candidate","route":"/about/","device":"mobile","condition":"fresh","rep":1,"lcp":1836,"cls":0,"longTaskExcessMs":28,"transferBytes":754064,"errors":0,"failed":0}
{"target":"phase09-candidate","route":"/about/","device":"mobile","condition":"warm","rep":1,"lcp":252,"cls":0,"longTaskExcessMs":0,"transferBytes":0,"errors":0,"failed":0}
{"target":"phase09-candidate","route":"/contact/","device":"mobile","condition":"fresh","rep":1,"lcp":1744,"cls":0.0003061201689464896,"longTaskExcessMs":25,"transferBytes":754466,"errors":0,"failed":0}
{"target":"phase09-candidate","route":"/contact/","device":"mobile","condition":"warm","rep":1,"lcp":284,"cls":0,"longTaskExcessMs":0,"transferBytes":0,"errors":0,"failed":0}
{"target":"phase09-candidate","route":"/","device":"desktop","condition":"fresh","rep":2,"lcp":224,"cls":0.000009769643775720166,"longTaskExcessMs":0,"transferBytes":1500658,"errors":0,"failed":0}
{"target":"phase09-candidate","route":"/","device":"desktop","condition":"warm","rep":2,"lcp":144,"cls":0.000009769643775720166,"longTaskExcessMs":0,"transferBytes":0,"errors":0,"failed":0}
{"target":"phase09-candidate","route":"/work/","device":"desktop","condition":"fresh","rep":2,"lcp":240,"cls":0,"longTaskExcessMs":0,"transferBytes":1344783,"errors":0,"failed":0}
{"target":"phase09-candidate","route":"/work/","device":"desktop","condition":"warm","rep":2,"lcp":136,"cls":0,"longTaskExcessMs":0,"transferBytes":0,"errors":0,"failed":0}
{"target":"phase09-candidate","route":"/work/flagstone/","device":"desktop","condition":"fresh","rep":2,"lcp":156,"cls":0.0012997089317960176,"longTaskExcessMs":0,"transferBytes":1267899,"errors":0,"failed":0}
{"target":"phase09-candidate","route":"/work/flagstone/","device":"desktop","condition":"warm","rep":2,"lcp":132,"cls":0.0012997089317960176,"longTaskExcessMs":0,"transferBytes":0,"errors":0,"failed":0}
{"target":"phase09-candidate","route":"/about/","device":"desktop","condition":"fresh","rep":2,"lcp":192,"cls":0,"longTaskExcessMs":0,"transferBytes":1112397,"errors":0,"failed":0}
{"target":"phase09-candidate","route":"/about/","device":"desktop","condition":"warm","rep":2,"lcp":120,"cls":0.000009769643775720166,"longTaskExcessMs":0,"transferBytes":0,"errors":0,"failed":0}
{"target":"phase09-candidate","route":"/contact/","device":"desktop","condition":"fresh","rep":2,"lcp":108,"cls":0.000009769643775720166,"longTaskExcessMs":0,"transferBytes":1112799,"errors":0,"failed":0}
{"target":"phase09-candidate","route":"/contact/","device":"desktop","condition":"warm","rep":2,"lcp":272,"cls":0.000009769643775720166,"longTaskExcessMs":0,"transferBytes":0,"errors":0,"failed":0}
{"target":"phase09-candidate","route":"/","device":"mobile","condition":"fresh","rep":2,"lcp":6712,"cls":0,"longTaskExcessMs":275,"transferBytes":1417886,"errors":0,"failed":0}
{"target":"phase09-candidate","route":"/","device":"mobile","condition":"warm","rep":2,"lcp":436,"cls":0,"longTaskExcessMs":151,"transferBytes":0,"errors":0,"failed":0}
{"target":"phase09-candidate","route":"/work/","device":"mobile","condition":"fresh","rep":2,"lcp":6240,"cls":0,"longTaskExcessMs":27,"transferBytes":1036135,"errors":0,"failed":0}
{"target":"phase09-candidate","route":"/work/","device":"mobile","condition":"warm","rep":2,"lcp":380,"cls":0,"longTaskExcessMs":0,"transferBytes":0,"errors":0,"failed":0}
{"target":"phase09-candidate","route":"/work/flagstone/","device":"mobile","condition":"fresh","rep":2,"lcp":2600,"cls":0,"longTaskExcessMs":25,"transferBytes":1008608,"errors":0,"failed":0}
{"target":"phase09-candidate","route":"/work/flagstone/","device":"mobile","condition":"warm","rep":2,"lcp":280,"cls":0,"longTaskExcessMs":0,"transferBytes":0,"errors":0,"failed":0}
{"target":"phase09-candidate","route":"/about/","device":"mobile","condition":"fresh","rep":2,"lcp":1912,"cls":0,"longTaskExcessMs":26,"transferBytes":754064,"errors":0,"failed":0}
{"target":"phase09-candidate","route":"/about/","device":"mobile","condition":"warm","rep":2,"lcp":256,"cls":0,"longTaskExcessMs":0,"transferBytes":0,"errors":0,"failed":0}
{"target":"phase09-candidate","route":"/contact/","device":"mobile","condition":"fresh","rep":2,"lcp":1800,"cls":0.0003061201689464896,"longTaskExcessMs":25,"transferBytes":754466,"errors":0,"failed":0}
{"target":"phase09-candidate","route":"/contact/","device":"mobile","condition":"warm","rep":2,"lcp":364,"cls":0,"longTaskExcessMs":0,"transferBytes":0,"errors":0,"failed":0}
{"target":"phase09-candidate","route":"/","device":"desktop","condition":"fresh","rep":3,"lcp":224,"cls":0.000009769643775720166,"longTaskExcessMs":0,"transferBytes":1500658,"errors":0,"failed":0}
{"target":"phase09-candidate","route":"/","device":"desktop","condition":"warm","rep":3,"lcp":136,"cls":0.000009769643775720166,"longTaskExcessMs":0,"transferBytes":0,"errors":0,"failed":0}
{"target":"phase09-candidate","route":"/work/","device":"desktop","condition":"fresh","rep":3,"lcp":192,"cls":0,"longTaskExcessMs":0,"transferBytes":1344783,"errors":0,"failed":0}
{"target":"phase09-candidate","route":"/work/","device":"desktop","condition":"warm","rep":3,"lcp":196,"cls":0.000009769643775720166,"longTaskExcessMs":0,"transferBytes":0,"errors":0,"failed":0}
{"target":"phase09-candidate","route":"/work/flagstone/","device":"desktop","condition":"fresh","rep":3,"lcp":252,"cls":0.0012997089317960176,"longTaskExcessMs":0,"transferBytes":1267899,"errors":0,"failed":0}
{"target":"phase09-candidate","route":"/work/flagstone/","device":"desktop","condition":"warm","rep":3,"lcp":136,"cls":0,"longTaskExcessMs":0,"transferBytes":0,"errors":0,"failed":0}
{"target":"phase09-candidate","route":"/about/","device":"desktop","condition":"fresh","rep":3,"lcp":136,"cls":0.000009769643775720166,"longTaskExcessMs":0,"transferBytes":1112397,"errors":0,"failed":0}
{"target":"phase09-candidate","route":"/about/","device":"desktop","condition":"warm","rep":3,"lcp":124,"cls":0.000009769643775720166,"longTaskExcessMs":0,"transferBytes":0,"errors":0,"failed":0}
{"target":"phase09-candidate","route":"/contact/","device":"desktop","condition":"fresh","rep":3,"lcp":100,"cls":0.000009769643775720166,"longTaskExcessMs":0,"transferBytes":1112799,"errors":0,"failed":0}
{"target":"phase09-candidate","route":"/contact/","device":"desktop","condition":"warm","rep":3,"lcp":120,"cls":0.000009769643775720166,"longTaskExcessMs":0,"transferBytes":0,"errors":0,"failed":0}
{"target":"phase09-candidate","route":"/","device":"mobile","condition":"fresh","rep":3,"lcp":6524,"cls":0,"longTaskExcessMs":44,"transferBytes":1417886,"errors":0,"failed":0}
{"target":"phase09-candidate","route":"/","device":"mobile","condition":"warm","rep":3,"lcp":420,"cls":0,"longTaskExcessMs":0,"transferBytes":0,"errors":0,"failed":0}
{"target":"phase09-candidate","route":"/work/","device":"mobile","condition":"fresh","rep":3,"lcp":6272,"cls":0,"longTaskExcessMs":34,"transferBytes":1036135,"errors":0,"failed":0}
{"target":"phase09-candidate","route":"/work/","device":"mobile","condition":"warm","rep":3,"lcp":384,"cls":0,"longTaskExcessMs":0,"transferBytes":0,"errors":0,"failed":0}
{"target":"phase09-candidate","route":"/work/flagstone/","device":"mobile","condition":"fresh","rep":3,"lcp":2656,"cls":0,"longTaskExcessMs":34,"transferBytes":1008608,"errors":0,"failed":0}
{"target":"phase09-candidate","route":"/work/flagstone/","device":"mobile","condition":"warm","rep":3,"lcp":284,"cls":0,"longTaskExcessMs":0,"transferBytes":0,"errors":0,"failed":0}
{"target":"phase09-candidate","route":"/about/","device":"mobile","condition":"fresh","rep":3,"lcp":1952,"cls":0,"longTaskExcessMs":29,"transferBytes":754064,"errors":0,"failed":0}
{"target":"phase09-candidate","route":"/about/","device":"mobile","condition":"warm","rep":3,"lcp":280,"cls":0,"longTaskExcessMs":0,"transferBytes":0,"errors":0,"failed":0}
{"target":"phase09-candidate","route":"/contact/","device":"mobile","condition":"fresh","rep":3,"lcp":1940,"cls":0.0003061201689464896,"longTaskExcessMs":37,"transferBytes":754466,"errors":0,"failed":0}
{"target":"phase09-candidate","route":"/contact/","device":"mobile","condition":"warm","rep":3,"lcp":284,"cls":0,"longTaskExcessMs":0,"transferBytes":0,"errors":0,"failed":0}
