{"target":"phase00-exact-deployed-artifact","route":"/","device":"desktop","condition":"fresh","rep":1,"lcp":284,"cls":0.000009769643775720166,"longTaskExcessMs":0,"transferBytes":1498116,"errors":0,"failed":0}
{"target":"phase00-exact-deployed-artifact","route":"/","device":"desktop","condition":"warm","rep":1,"lcp":136,"cls":0.000009769643775720166,"longTaskExcessMs":0,"transferBytes":0,"errors":0,"failed":0}
{"target":"phase09-candidate","route":"/","device":"desktop","condition":"fresh","rep":1,"lcp":224,"cls":0.000009769643775720166,"longTaskExcessMs":0,"transferBytes":1500658,"errors":0,"failed":0}
{"target":"phase09-candidate","route":"/","device":"desktop","condition":"warm","rep":1,"lcp":136,"cls":0.000009769643775720166,"longTaskExcessMs":0,"transferBytes":0,"errors":0,"failed":0}
{"target":"phase00-exact-deployed-artifact","route":"/work/","device":"desktop","condition":"fresh","rep":1,"lcp":136,"cls":0.000009769643775720166,"longTaskExcessMs":0,"transferBytes":1334172,"errors":0,"failed":0}
{"target":"phase00-exact-deployed-artifact","route":"/work/","device":"desktop","condition":"warm","rep":1,"lcp":164,"cls":0.000009769643775720166,"longTaskExcessMs":0,"transferBytes":0,"errors":0,"failed":0}
{"target":"phase09-candidate","route":"/work/","device":"desktop","condition":"fresh","rep":1,"lcp":148,"cls":0.000009769643775720166,"longTaskExcessMs":0,"transferBytes":1344783,"errors":0,"failed":0}
{"target":"phase09-candidate","route":"/work/","device":"desktop","condition":"warm","rep":1,"lcp":152,"cls":0,"longTaskExcessMs":0,"transferBytes":0,"errors":0,"failed":0}
{"target":"phase00-exact-deployed-artifact","route":"/work/flagstone/","device":"desktop","condition":"fresh","rep":1,"lcp":188,"cls":0.0012997089317960176,"longTaskExcessMs":0,"transferBytes":1258795,"errors":0,"failed":0}
{"target":"phase00-exact-deployed-artifact","route":"/work/flagstone/","device":"desktop","condition":"warm","rep":1,"lcp":132,"cls":0.0012997089317960176,"longTaskExcessMs":0,"transferBytes":0,"errors":0,"failed":0}
{"target":"phase09-candidate","route":"/work/flagstone/","device":"desktop","condition":"fresh","rep":1,"lcp":156,"cls":0.0012997089317960176,"longTaskExcessMs":0,"transferBytes":1267899,"errors":0,"failed":0}
{"target":"phase09-candidate","route":"/work/flagstone/","device":"desktop","condition":"warm","rep":1,"lcp":124,"cls":0.0012997089317960176,"longTaskExcessMs":0,"transferBytes":0,"errors":0,"failed":0}
{"target":"phase00-exact-deployed-artifact","route":"/about/","device":"desktop","condition":"fresh","rep":1,"lcp":96,"cls":0.000009769643775720166,"longTaskExcessMs":0,"transferBytes":1103524,"errors":0,"failed":0}
{"target":"phase00-exact-deployed-artifact","route":"/about/","device":"desktop","condition":"warm","rep":1,"lcp":112,"cls":0.000009769643775720166,"longTaskExcessMs":0,"transferBytes":0,"errors":0,"failed":0}
{"target":"phase09-candidate","route":"/about/","device":"desktop","condition":"fresh","rep":1,"lcp":104,"cls":0.000009769643775720166,"longTaskExcessMs":0,"transferBytes":1112397,"errors":0,"failed":0}
{"target":"phase09-candidate","route":"/about/","device":"desktop","condition":"warm","rep":1,"lcp":116,"cls":0.000009769643775720166,"longTaskExcessMs":0,"transferBytes":0,"errors":0,"failed":0}
{"target":"phase00-exact-deployed-artifact","route":"/contact/","device":"desktop","condition":"fresh","rep":1,"lcp":104,"cls":0.000009769643775720166,"longTaskExcessMs":0,"transferBytes":1103924,"errors":0,"failed":0}
{"target":"phase00-exact-deployed-artifact","route":"/contact/","device":"desktop","condition":"warm","rep":1,"lcp":152,"cls":0.000009769643775720166,"longTaskExcessMs":0,"transferBytes":0,"errors":0,"failed":0}
{"target":"phase09-candidate","route":"/contact/","device":"desktop","condition":"fresh","rep":1,"lcp":116,"cls":0.000009769643775720166,"longTaskExcessMs":0,"transferBytes":1112799,"errors":0,"failed":0}
{"target":"phase09-candidate","route":"/contact/","device":"desktop","condition":"warm","rep":1,"lcp":136,"cls":0,"longTaskExcessMs":0,"transferBytes":0,"errors":0,"failed":0}
{"target":"phase00-exact-deployed-artifact","route":"/","device":"mobile","condition":"fresh","rep":1,"lcp":7380,"cls":0,"longTaskExcessMs":28,"transferBytes":1416753,"errors":0,"failed":0}
{"target":"phase00-exact-deployed-artifact","route":"/","device":"mobile","condition":"warm","rep":1,"lcp":508,"cls":0,"longTaskExcessMs":0,"transferBytes":0,"errors":0,"failed":0}
{"target":"phase09-candidate","route":"/","device":"mobile","condition":"fresh","rep":1,"lcp":6644,"cls":0,"longTaskExcessMs":54,"transferBytes":1417886,"errors":0,"failed":0}
{"target":"phase09-candidate","route":"/","device":"mobile","condition":"warm","rep":1,"lcp":324,"cls":0,"longTaskExcessMs":0,"transferBytes":0,"errors":0,"failed":0}
{"target":"phase00-exact-deployed-artifact","route":"/work/","device":"mobile","condition":"fresh","rep":1,"lcp":6212,"cls":0,"longTaskExcessMs":27,"transferBytes":1032341,"errors":0,"failed":0}
{"target":"phase00-exact-deployed-artifact","route":"/work/","device":"mobile","condition":"warm","rep":1,"lcp":492,"cls":0,"longTaskExcessMs":13,"transferBytes":0,"errors":0,"failed":0}
{"target":"phase09-candidate","route":"/work/","device":"mobile","condition":"fresh","rep":1,"lcp":6236,"cls":0,"longTaskExcessMs":36,"transferBytes":1036135,"errors":0,"failed":0}
{"target":"phase09-candidate","route":"/work/","device":"mobile","condition":"warm","rep":1,"lcp":388,"cls":0,"longTaskExcessMs":0,"transferBytes":0,"errors":0,"failed":0}
{"target":"phase00-exact-deployed-artifact","route":"/work/flagstone/","device":"mobile","condition":"fresh","rep":1,"lcp":2480,"cls":0,"longTaskExcessMs":26,"transferBytes":1006433,"errors":0,"failed":0}
{"target":"phase00-exact-deployed-artifact","route":"/work/flagstone/","device":"mobile","condition":"warm","rep":1,"lcp":408,"cls":0,"longTaskExcessMs":0,"transferBytes":0,"errors":0,"failed":0}
{"target":"phase09-candidate","route":"/work/flagstone/","device":"mobile","condition":"fresh","rep":1,"lcp":2600,"cls":0,"longTaskExcessMs":32,"transferBytes":1008608,"errors":0,"failed":0}
{"target":"phase09-candidate","route":"/work/flagstone/","device":"mobile","condition":"warm","rep":1,"lcp":280,"cls":0,"longTaskExcessMs":0,"transferBytes":0,"errors":0,"failed":0}
{"target":"phase00-exact-deployed-artifact","route":"/about/","device":"mobile","condition":"fresh","rep":1,"lcp":1856,"cls":0,"longTaskExcessMs":25,"transferBytes":753026,"errors":0,"failed":0}
{"target":"phase00-exact-deployed-artifact","route":"/about/","device":"mobile","condition":"warm","rep":1,"lcp":260,"cls":0,"longTaskExcessMs":0,"transferBytes":0,"errors":0,"failed":0}
{"target":"phase09-candidate","route":"/about/","device":"mobile","condition":"fresh","rep":1,"lcp":1828,"cls":0,"longTaskExcessMs":25,"transferBytes":754064,"errors":0,"failed":0}
{"target":"phase09-candidate","route":"/about/","device":"mobile","condition":"warm","rep":1,"lcp":268,"cls":0,"longTaskExcessMs":0,"transferBytes":0,"errors":0,"failed":0}
{"target":"phase00-exact-deployed-artifact","route":"/contact/","device":"mobile","condition":"fresh","rep":1,"lcp":1852,"cls":0.0003061201689464896,"longTaskExcessMs":33,"transferBytes":753426,"errors":0,"failed":0}
{"target":"phase00-exact-deployed-artifact","route":"/contact/","device":"mobile","condition":"warm","rep":1,"lcp":288,"cls":0,"longTaskExcessMs":0,"transferBytes":0,"errors":0,"failed":0}
{"target":"phase09-candidate","route":"/contact/","device":"mobile","condition":"fresh","rep":1,"lcp":1764,"cls":0.0003061201689464896,"longTaskExcessMs":27,"transferBytes":754466,"errors":0,"failed":0}
{"target":"phase09-candidate","route":"/contact/","device":"mobile","condition":"warm","rep":1,"lcp":260,"cls":0,"longTaskExcessMs":0,"transferBytes":0,"errors":0,"failed":0}
{"target":"phase09-candidate","route":"/","device":"desktop","condition":"fresh","rep":2,"lcp":252,"cls":0.000009769643775720166,"longTaskExcessMs":0,"transferBytes":1500658,"errors":0,"failed":0}
{"target":"phase09-candidate","route":"/","device":"desktop","condition":"warm","rep":2,"lcp":444,"cls":0.000009769643775720166,"longTaskExcessMs":0,"transferBytes":0,"errors":0,"failed":0}
{"target":"phase00-exact-deployed-artifact","route":"/","device":"desktop","condition":"fresh","rep":2,"lcp":252,"cls":0.000009769643775720166,"longTaskExcessMs":0,"transferBytes":1498116,"errors":0,"failed":0}
{"target":"phase00-exact-deployed-artifact","route":"/","device":"desktop","condition":"warm","rep":2,"lcp":136,"cls":0.000009769643775720166,"longTaskExcessMs":0,"transferBytes":0,"errors":0,"failed":0}
{"target":"phase09-candidate","route":"/work/","device":"desktop","condition":"fresh","rep":2,"lcp":152,"cls":0.000009769643775720166,"longTaskExcessMs":0,"transferBytes":1344783,"errors":0,"failed":0}
{"target":"phase09-candidate","route":"/work/","device":"desktop","condition":"warm","rep":2,"lcp":176,"cls":0.000009769643775720166,"longTaskExcessMs":0,"transferBytes":0,"errors":0,"failed":0}
{"target":"phase00-exact-deployed-artifact","route":"/work/","device":"desktop","condition":"fresh","rep":2,"lcp":140,"cls":0.000009769643775720166,"longTaskExcessMs":0,"transferBytes":1334172,"errors":0,"failed":0}
{"target":"phase00-exact-deployed-artifact","route":"/work/","device":"desktop","condition":"warm","rep":2,"lcp":128,"cls":0,"longTaskExcessMs":0,"transferBytes":0,"errors":0,"failed":0}
{"target":"phase09-candidate","route":"/work/flagstone/","device":"desktop","condition":"fresh","rep":2,"lcp":208,"cls":0.0012997089317960176,"longTaskExcessMs":0,"transferBytes":1267899,"errors":0,"failed":0}
{"target":"phase09-candidate","route":"/work/flagstone/","device":"desktop","condition":"warm","rep":2,"lcp":160,"cls":0.0012997089317960176,"longTaskExcessMs":0,"transferBytes":0,"errors":0,"failed":0}
{"target":"phase00-exact-deployed-artifact","route":"/work/flagstone/","device":"desktop","condition":"fresh","rep":2,"lcp":216,"cls":0.0012997089317960176,"longTaskExcessMs":0,"transferBytes":1258795,"errors":0,"failed":0}
{"target":"phase00-exact-deployed-artifact","route":"/work/flagstone/","device":"desktop","condition":"warm","rep":2,"lcp":140,"cls":0.0012997089317960176,"longTaskExcessMs":0,"transferBytes":0,"errors":0,"failed":0}
{"target":"phase09-candidate","route":"/about/","device":"desktop","condition":"fresh","rep":2,"lcp":100,"cls":0.000009769643775720166,"longTaskExcessMs":0,"transferBytes":1112397,"errors":0,"failed":0}
{"target":"phase09-candidate","route":"/about/","device":"desktop","condition":"warm","rep":2,"lcp":120,"cls":0.000009769643775720166,"longTaskExcessMs":0,"transferBytes":0,"errors":0,"failed":0}
{"target":"phase00-exact-deployed-artifact","route":"/about/","device":"desktop","condition":"fresh","rep":2,"lcp":136,"cls":0.000009769643775720166,"longTaskExcessMs":0,"transferBytes":1103524,"errors":0,"failed":0}
{"target":"phase00-exact-deployed-artifact","route":"/about/","device":"desktop","condition":"warm","rep":2,"lcp":104,"cls":0.000009769643775720166,"longTaskExcessMs":0,"transferBytes":0,"errors":0,"failed":0}
{"target":"phase09-candidate","route":"/contact/","device":"desktop","condition":"fresh","rep":2,"lcp":140,"cls":0.000009769643775720166,"longTaskExcessMs":0,"transferBytes":1112799,"errors":0,"failed":0}
{"target":"phase09-candidate","route":"/contact/","device":"desktop","condition":"warm","rep":2,"lcp":132,"cls":0,"longTaskExcessMs":0,"transferBytes":0,"errors":0,"failed":0}
{"target":"phase00-exact-deployed-artifact","route":"/contact/","device":"desktop","condition":"fresh","rep":2,"lcp":264,"cls":0,"longTaskExcessMs":0,"transferBytes":1103924,"errors":0,"failed":0}
{"target":"phase00-exact-deployed-artifact","route":"/contact/","device":"desktop","condition":"warm","rep":2,"lcp":128,"cls":0,"longTaskExcessMs":0,"transferBytes":0,"errors":0,"failed":0}
{"target":"phase09-candidate","route":"/","device":"mobile","condition":"fresh","rep":2,"lcp":6672,"cls":0,"longTaskExcessMs":41,"transferBytes":1417886,"errors":0,"failed":0}
{"target":"phase09-candidate","route":"/","device":"mobile","condition":"warm","rep":2,"lcp":456,"cls":0,"longTaskExcessMs":0,"transferBytes":0,"errors":0,"failed":0}
{"target":"phase00-exact-deployed-artifact","route":"/","device":"mobile","condition":"fresh","rep":2,"lcp":7400,"cls":0,"longTaskExcessMs":28,"transferBytes":1416753,"errors":0,"failed":0}
{"target":"phase00-exact-deployed-artifact","route":"/","device":"mobile","condition":"warm","rep":2,"lcp":424,"cls":0,"longTaskExcessMs":0,"transferBytes":0,"errors":0,"failed":0}
{"target":"phase09-candidate","route":"/work/","device":"mobile","condition":"fresh","rep":2,"lcp":6780,"cls":0,"longTaskExcessMs":58,"transferBytes":1036135,"errors":0,"failed":0}
{"target":"phase09-candidate","route":"/work/","device":"mobile","condition":"warm","rep":2,"lcp":428,"cls":0,"longTaskExcessMs":0,"transferBytes":0,"errors":0,"failed":0}
{"target":"phase00-exact-deployed-artifact","route":"/work/","device":"mobile","condition":"fresh","rep":2,"lcp":6280,"cls":0,"longTaskExcessMs":58,"transferBytes":1032341,"errors":0,"failed":0}
{"target":"phase00-exact-deployed-artifact","route":"/work/","device":"mobile","condition":"warm","rep":2,"lcp":420,"cls":0,"longTaskExcessMs":0,"transferBytes":0,"errors":0,"failed":0}
{"target":"phase09-candidate","route":"/work/flagstone/","device":"mobile","condition":"fresh","rep":2,"lcp":2820,"cls":0,"longTaskExcessMs":196,"transferBytes":1008608,"errors":0,"failed":0}
{"target":"phase09-candidate","route":"/work/flagstone/","device":"mobile","condition":"warm","rep":2,"lcp":288,"cls":0,"longTaskExcessMs":0,"transferBytes":0,"errors":0,"failed":0}
{"target":"phase00-exact-deployed-artifact","route":"/work/flagstone/","device":"mobile","condition":"fresh","rep":2,"lcp":2412,"cls":0,"longTaskExcessMs":26,"transferBytes":1006433,"errors":0,"failed":0}
{"target":"phase00-exact-deployed-artifact","route":"/work/flagstone/","device":"mobile","condition":"warm","rep":2,"lcp":596,"cls":0,"longTaskExcessMs":106,"transferBytes":0,"errors":0,"failed":0}
{"target":"phase09-candidate","route":"/about/","device":"mobile","condition":"fresh","rep":2,"lcp":1980,"cls":0,"longTaskExcessMs":47,"transferBytes":754064,"errors":0,"failed":0}
{"target":"phase09-candidate","route":"/about/","device":"mobile","condition":"warm","rep":2,"lcp":304,"cls":0,"longTaskExcessMs":0,"transferBytes":0,"errors":0,"failed":0}
{"target":"phase00-exact-deployed-artifact","route":"/about/","device":"mobile","condition":"fresh","rep":2,"lcp":1984,"cls":0,"longTaskExcessMs":72,"transferBytes":753026,"errors":0,"failed":0}
{"target":"phase00-exact-deployed-artifact","route":"/about/","device":"mobile","condition":"warm","rep":2,"lcp":304,"cls":0,"longTaskExcessMs":0,"transferBytes":0,"errors":0,"failed":0}
{"target":"phase09-candidate","route":"/contact/","device":"mobile","condition":"fresh","rep":2,"lcp":1904,"cls":0.0003061201689464896,"longTaskExcessMs":32,"transferBytes":754466,"errors":0,"failed":0}
{"target":"phase09-candidate","route":"/contact/","device":"mobile","condition":"warm","rep":2,"lcp":352,"cls":0,"longTaskExcessMs":0,"transferBytes":0,"errors":0,"failed":0}
{"target":"phase00-exact-deployed-artifact","route":"/contact/","device":"mobile","condition":"fresh","rep":2,"lcp":2088,"cls":0.0003061201689464896,"longTaskExcessMs":228,"transferBytes":753426,"errors":0,"failed":0}
{"target":"phase00-exact-deployed-artifact","route":"/contact/","device":"mobile","condition":"warm","rep":2,"lcp":464,"cls":0,"longTaskExcessMs":2,"transferBytes":0,"errors":0,"failed":0}
{"target":"phase00-exact-deployed-artifact","route":"/","device":"desktop","condition":"fresh","rep":3,"lcp":272,"cls":0.000009769643775720166,"longTaskExcessMs":0,"transferBytes":1498116,"errors":0,"failed":0}
{"target":"phase00-exact-deployed-artifact","route":"/","device":"desktop","condition":"warm","rep":3,"lcp":172,"cls":0.000009769643775720166,"longTaskExcessMs":0,"transferBytes":0,"errors":0,"failed":0}
{"target":"phase09-candidate","route":"/","device":"desktop","condition":"fresh","rep":3,"lcp":276,"cls":0.000009769643775720166,"longTaskExcessMs":0,"transferBytes":1500658,"errors":0,"failed":0}
{"target":"phase09-candidate","route":"/","device":"desktop","condition":"warm","rep":3,"lcp":336,"cls":0.000009769643775720166,"longTaskExcessMs":0,"transferBytes":0,"errors":0,"failed":0}
{"target":"phase00-exact-deployed-artifact","route":"/work/","device":"desktop","condition":"fresh","rep":3,"lcp":252,"cls":0,"longTaskExcessMs":0,"transferBytes":1334172,"errors":0,"failed":0}
{"target":"phase00-exact-deployed-artifact","route":"/work/","device":"desktop","condition":"warm","rep":3,"lcp":152,"cls":0.000009769643775720166,"longTaskExcessMs":0,"transferBytes":0,"errors":0,"failed":0}
{"target":"phase09-candidate","route":"/work/","device":"desktop","condition":"fresh","rep":3,"lcp":232,"cls":0.000009769643775720166,"longTaskExcessMs":0,"transferBytes":1344783,"errors":0,"failed":0}
{"target":"phase09-candidate","route":"/work/","device":"desktop","condition":"warm","rep":3,"lcp":196,"cls":0.000009769643775720166,"longTaskExcessMs":0,"transferBytes":0,"errors":0,"failed":0}
{"target":"phase00-exact-deployed-artifact","route":"/work/flagstone/","device":"desktop","condition":"fresh","rep":3,"lcp":272,"cls":0.0012997089317960176,"longTaskExcessMs":0,"transferBytes":1258795,"errors":0,"failed":0}
{"target":"phase00-exact-deployed-artifact","route":"/work/flagstone/","device":"desktop","condition":"warm","rep":3,"lcp":164,"cls":0.0012997089317960176,"longTaskExcessMs":0,"transferBytes":0,"errors":0,"failed":0}
{"target":"phase09-candidate","route":"/work/flagstone/","device":"desktop","condition":"fresh","rep":3,"lcp":288,"cls":0.0012997089317960176,"longTaskExcessMs":0,"transferBytes":1267899,"errors":0,"failed":0}
{"target":"phase09-candidate","route":"/work/flagstone/","device":"desktop","condition":"warm","rep":3,"lcp":236,"cls":0.0012997089317960176,"longTaskExcessMs":0,"transferBytes":0,"errors":0,"failed":0}
{"target":"phase00-exact-deployed-artifact","route":"/about/","device":"desktop","condition":"fresh","rep":3,"lcp":388,"cls":0.000009769643775720166,"longTaskExcessMs":0,"transferBytes":1103524,"errors":0,"failed":0}
{"target":"phase00-exact-deployed-artifact","route":"/about/","device":"desktop","condition":"warm","rep":3,"lcp":472,"cls":0.000009769643775720166,"longTaskExcessMs":0,"transferBytes":0,"errors":0,"failed":0}
{"target":"phase09-candidate","route":"/about/","device":"desktop","condition":"fresh","rep":3,"lcp":416,"cls":0.005044459665557484,"longTaskExcessMs":0,"transferBytes":1112397,"errors":0,"failed":0}
{"target":"phase09-candidate","route":"/about/","device":"desktop","condition":"warm","rep":3,"lcp":564,"cls":0.000009769643775720166,"longTaskExcessMs":0,"transferBytes":0,"errors":0,"failed":0}
{"target":"phase00-exact-deployed-artifact","route":"/contact/","device":"desktop","condition":"fresh","rep":3,"lcp":344,"cls":0.000009769643775720166,"longTaskExcessMs":0,"transferBytes":1103924,"errors":0,"failed":0}
{"target":"phase00-exact-deployed-artifact","route":"/contact/","device":"desktop","condition":"warm","rep":3,"lcp":112,"cls":0,"longTaskExcessMs":0,"transferBytes":0,"errors":0,"failed":0}
{"target":"phase09-candidate","route":"/contact/","device":"desktop","condition":"fresh","rep":3,"lcp":120,"cls":0.000009769643775720166,"longTaskExcessMs":0,"transferBytes":1112799,"errors":0,"failed":0}
{"target":"phase09-candidate","route":"/contact/","device":"desktop","condition":"warm","rep":3,"lcp":296,"cls":0.000009769643775720166,"longTaskExcessMs":0,"transferBytes":0,"errors":0,"failed":0}
{"target":"phase00-exact-deployed-artifact","route":"/","device":"mobile","condition":"fresh","rep":3,"lcp":6888,"cls":0,"longTaskExcessMs":82,"transferBytes":1416753,"errors":0,"failed":0}
{"target":"phase00-exact-deployed-artifact","route":"/","device":"mobile","condition":"warm","rep":3,"lcp":340,"cls":0,"longTaskExcessMs":0,"transferBytes":0,"errors":0,"failed":0}
{"target":"phase09-candidate","route":"/","device":"mobile","condition":"fresh","rep":3,"lcp":6696,"cls":0,"longTaskExcessMs":78,"transferBytes":1417886,"errors":0,"failed":0}
{"target":"phase09-candidate","route":"/","device":"mobile","condition":"warm","rep":3,"lcp":356,"cls":0,"longTaskExcessMs":0,"transferBytes":0,"errors":0,"failed":0}
{"target":"phase00-exact-deployed-artifact","route":"/work/","device":"mobile","condition":"fresh","rep":3,"lcp":6272,"cls":0,"longTaskExcessMs":67,"transferBytes":1032341,"errors":0,"failed":0}
{"target":"phase00-exact-deployed-artifact","route":"/work/","device":"mobile","condition":"warm","rep":3,"lcp":408,"cls":0,"longTaskExcessMs":0,"transferBytes":0,"errors":0,"failed":0}
{"target":"phase09-candidate","route":"/work/","device":"mobile","condition":"fresh","rep":3,"lcp":6356,"cls":0,"longTaskExcessMs":65,"transferBytes":1036135,"errors":0,"failed":0}
{"target":"phase09-candidate","route":"/work/","device":"mobile","condition":"warm","rep":3,"lcp":528,"cls":0,"longTaskExcessMs":0,"transferBytes":0,"errors":0,"failed":0}
{"target":"phase00-exact-deployed-artifact","route":"/work/flagstone/","device":"mobile","condition":"fresh","rep":3,"lcp":2780,"cls":0,"longTaskExcessMs":38,"transferBytes":1006433,"errors":0,"failed":0}
{"target":"phase00-exact-deployed-artifact","route":"/work/flagstone/","device":"mobile","condition":"warm","rep":3,"lcp":348,"cls":0,"longTaskExcessMs":0,"transferBytes":0,"errors":0,"failed":0}
{"target":"phase09-candidate","route":"/work/flagstone/","device":"mobile","condition":"fresh","rep":3,"lcp":2804,"cls":0,"longTaskExcessMs":40,"transferBytes":1008608,"errors":0,"failed":0}
{"target":"phase09-candidate","route":"/work/flagstone/","device":"mobile","condition":"warm","rep":3,"lcp":444,"cls":0,"longTaskExcessMs":42,"transferBytes":0,"errors":0,"failed":0}
{"target":"phase00-exact-deployed-artifact","route":"/about/","device":"mobile","condition":"fresh","rep":3,"lcp":2000,"cls":0,"longTaskExcessMs":64,"transferBytes":753026,"errors":0,"failed":0}
{"target":"phase00-exact-deployed-artifact","route":"/about/","device":"mobile","condition":"warm","rep":3,"lcp":852,"cls":0,"longTaskExcessMs":217,"transferBytes":0,"errors":0,"failed":0}
{"target":"phase09-candidate","route":"/about/","device":"mobile","condition":"fresh","rep":3,"lcp":2064,"cls":0,"longTaskExcessMs":51,"transferBytes":754064,"errors":0,"failed":0}
{"target":"phase09-candidate","route":"/about/","device":"mobile","condition":"warm","rep":3,"lcp":600,"cls":0,"longTaskExcessMs":0,"transferBytes":0,"errors":0,"failed":0}
{"target":"phase00-exact-deployed-artifact","route":"/contact/","device":"mobile","condition":"fresh","rep":3,"lcp":2344,"cls":0.0003061201689464896,"longTaskExcessMs":268,"transferBytes":753426,"errors":0,"failed":0}
{"target":"phase00-exact-deployed-artifact","route":"/contact/","device":"mobile","condition":"warm","rep":3,"lcp":620,"cls":0,"longTaskExcessMs":110,"transferBytes":0,"errors":0,"failed":0}
{"target":"phase09-candidate","route":"/contact/","device":"mobile","condition":"fresh","rep":3,"lcp":2012,"cls":0.0003061201689464896,"longTaskExcessMs":70,"transferBytes":754466,"errors":0,"failed":0}
{"target":"phase09-candidate","route":"/contact/","device":"mobile","condition":"warm","rep":3,"lcp":304,"cls":0,"longTaskExcessMs":0,"transferBytes":0,"errors":0,"failed":0}
